# dune build
# OCAMLPARAM: unset
# Shared cache: disabled
# Shared cache location: /home/user/.cache/dune/db
# Workspace root:
# /home/user/Documents/Work/PhD/PhD-Year1/ImPL/Implementation/ImplemTAPL/BindlibVersions/bindlib_versions
# Auto-detected concurrency: 16
# Dune context:
#  { name = "default"
#  ; kind = "default"
#  ; profile = Dev
#  ; merlin = true
#  ; fdo_target_exe = None
#  ; build_dir = In_build_dir "default"
#  ; instrument_with = []
#  }
$ /usr/bin/ocamlc.opt -config > /tmp/dune_ccd1bf_output
$ (cd _build/default && /usr/bin/ocamlopt.opt -w @1..3@5..28@31..39@43@46..47@49..57@61..62@67@69-40 -strict-sequence -strict-formats -short-paths -keep-locs -g -I bin/.main.eobjs/byte -I bin/.main.eobjs/native -I /home/user/.opam/default/lib/bindlib -intf-suffix .ml -no-alias-deps -opaque -o bin/.main.eobjs/native/dune__exe__Main.cmx -c -impl bin/main.ml)
> File "bin/main.ml", line 13, characters 0-14:
> 13 | (** SYNTAX. *)
>      ^^^^^^^^^^^^^^
> Error (warning 50 [unexpected-docstring]): unattached documentation comment (ignored)
> File "bin/main.ml", line 41, characters 0-21:
> 41 | (** NORMALISATION. *)
>      ^^^^^^^^^^^^^^^^^^^^^
> Error (warning 50 [unexpected-docstring]): unattached documentation comment (ignored)
> File "bin/main.ml", line 26, characters 2-21:
> 26 |   | TmVar of term var
>        ^^^^^^^^^^^^^^^^^^^
> Error (warning 37 [unused-constructor]): constructor TmVar is never used to build values.
> (However, this constructor appears in patterns.)
> File "bin/main.ml", line 141, characters 8-10:
> 141 | let rec nf : term -> term = fun t ->
>               ^^
> Error (warning 32 [unused-value-declaration]): unused value nf.
> File "bin/main.ml", line 212, characters 4-12:
> 212 | let add_type (te_ty : term var * s_ty) (ctx : var_ctx) = (te_ty :: ctx)
>           ^^^^^^^^
> Error (warning 32 [unused-value-declaration]): unused value add_type.
> File "bin/main.ml", line 216, characters 4-12:
> 216 | let find_ctx : term var -> var_ctx -> s_ty option = fun x ctx ->
>           ^^^^^^^^
> Error (warning 32 [unused-value-declaration]): unused value find_ctx.
[2]
